[2026-05-13 16:09:16] [ACCESS] [IP: ::1] [User: guest] [Session: 0mbg3m1i0c6kivh0vee58m3drb] API request: action=get_paket | Context: {"action":"get_paket","ip":"::1"}
[2026-05-13 16:10:25] [ACCESS] [IP: ::1] [User: guest] [Session: qt4h8mas4v1d639f8cn37lf1a9] API request: action=get_paket | Context: {"action":"get_paket","ip":"::1"}
[2026-05-13 16:11:43] [ACCESS] [IP: ::1] [User: guest] [Session: bco7ra0v861dcp0r44l8gv5tak] API request: action=get_paket | Context: {"action":"get_paket","ip":"::1"}
[2026-05-13 16:30:30] [ACCESS] [IP: ::1] [User: guest] [Session: 9qn700tn7v03tgagosb39leu40] API request: action=get_paket | Context: {"action":"get_paket","ip":"::1"}
[2026-05-13 16:31:40] [ACCESS] [IP: ::1] [User: guest] [Session: o7hb8p5v6ph2n0dqqud2pab43t] API request: action=get_paket | Context: {"action":"get_paket","ip":"::1"}
[2026-05-13 16:32:35] [ACCESS] [IP: ::1] [User: guest] [Session: j1qvbnbk4fmajf8a9s6iueksk1] API request: action=get_paket | Context: {"action":"get_paket","ip":"::1"}
[2026-05-13 16:33:21] [ACCESS] [IP: ::1] [User: guest] [Session: d6getu44philmstasnsc2kd3bt] API request: action=get_paket | Context: {"action":"get_paket","ip":"::1"}
[2026-05-13 16:33:30] [ACCESS] [IP: ::1] [User: guest] [Session: pdt99c1d2je96ajmo693du2ug1] API request: action=get_paket | Context: {"action":"get_paket","ip":"::1"}
[2026-05-13 16:34:37] [ACCESS] [IP: ::1] [User: guest] [Session: 3lmr251dl1idalolkt25t0k6dc] API request: action=get_paket | Context: {"action":"get_paket","ip":"::1"}
[2026-05-13 16:35:39] [ACCESS] [IP: ::1] [User: guest] [Session: 8eiadvh1kqhjsfpsdvjn4qvbe1] API request: action=get_paket | Context: {"action":"get_paket","ip":"::1"}
[2026-05-13 16:35:48] [ACCESS] [IP: ::1] [User: guest] [Session: 69digpjtbkk1i6ueld9tmidnj9] API request: action=get_paket | Context: {"action":"get_paket","ip":"::1"}
[2026-05-13 16:36:03] [ACCESS] [IP: ::1] [User: guest] [Session: 69digpjtbkk1i6ueld9tmidnj9] API request: action=get_soal_by_paket | Context: {"action":"get_soal_by_paket","ip":"::1"}
[2026-05-13 16:36:46] [ACCESS] [IP: ::1] [User: guest] [Session: 2vsr33r3nl4a2vo3e597l86qga] API request: action=get_paket | Context: {"action":"get_paket","ip":"::1"}
[2026-05-13 16:37:01] [ACCESS] [IP: ::1] [User: guest] [Session: 2vsr33r3nl4a2vo3e597l86qga] API request: action=get_soal_by_paket | Context: {"action":"get_soal_by_paket","ip":"::1"}
[2026-05-13 16:37:01] [ACCESS] [IP: ::1] [User: guest] [Session: 2vsr33r3nl4a2vo3e597l86qga] API request: action=simpan_sesi | Context: {"action":"simpan_sesi","ip":"::1"}
[2026-05-13 16:37:53] [ACCESS] [IP: ::1] [User: guest] [Session: n4k53u392193fslddtesj4vrfk] API request: action=get_paket | Context: {"action":"get_paket","ip":"::1"}
[2026-05-13 16:38:08] [ACCESS] [IP: ::1] [User: guest] [Session: n4k53u392193fslddtesj4vrfk] API request: action=get_soal_by_paket | Context: {"action":"get_soal_by_paket","ip":"::1"}
[2026-05-13 16:38:09] [ACCESS] [IP: ::1] [User: guest] [Session: n4k53u392193fslddtesj4vrfk] API request: action=simpan_sesi | Context: {"action":"simpan_sesi","ip":"::1"}
[2026-05-13 16:38:51] [ACCESS] [IP: ::1] [User: guest] [Session: 5jle84v2cndjqbc8pad2n5st46] API request: action=get_paket | Context: {"action":"get_paket","ip":"::1"}
[2026-05-13 16:38:59] [ACCESS] [IP: ::1] [User: guest] [Session: beaonloh98s6l5mjgqn0bqd7gv] API request: action=get_paket | Context: {"action":"get_paket","ip":"::1"}
[2026-05-13 16:39:06] [ACCESS] [IP: ::1] [User: guest] [Session: 5jle84v2cndjqbc8pad2n5st46] API request: action=get_soal_by_paket | Context: {"action":"get_soal_by_paket","ip":"::1"}
[2026-05-13 16:39:07] [ACCESS] [IP: ::1] [User: guest] [Session: 5jle84v2cndjqbc8pad2n5st46] API request: action=simpan_sesi | Context: {"action":"simpan_sesi","ip":"::1"}
[2026-05-13 16:39:14] [ACCESS] [IP: ::1] [User: guest] [Session: beaonloh98s6l5mjgqn0bqd7gv] API request: action=get_soal_by_paket | Context: {"action":"get_soal_by_paket","ip":"::1"}
[2026-05-13 16:39:14] [ACCESS] [IP: ::1] [User: guest] [Session: beaonloh98s6l5mjgqn0bqd7gv] API request: action=simpan_sesi | Context: {"action":"simpan_sesi","ip":"::1"}
[2026-05-13 16:42:37] [ACCESS] [IP: ::1] [User: guest] [Session: l352sn78tmnpciimnctqflf3kg] API request: action=get_paket | Context: {"action":"get_paket","ip":"::1"}
[2026-05-13 16:42:48] [ACCESS] [IP: ::1] [User: guest] [Session: l352sn78tmnpciimnctqflf3kg] API request: action=get_soal_by_paket | Context: {"action":"get_soal_by_paket","ip":"::1"}
[2026-05-13 16:42:48] [ACCESS] [IP: ::1] [User: guest] [Session: l352sn78tmnpciimnctqflf3kg] API request: action=simpan_sesi | Context: {"action":"simpan_sesi","ip":"::1"}
[2026-05-13 16:45:10] [ACCESS] [IP: ::1] [User: guest] [Session: 0ulqnbchhj15hehukbbmoljio4] API request: action=get_paket | Context: {"action":"get_paket","ip":"::1"}
[2026-05-13 16:45:25] [ACCESS] [IP: ::1] [User: guest] [Session: 0ulqnbchhj15hehukbbmoljio4] API request: action=get_soal_by_paket | Context: {"action":"get_soal_by_paket","ip":"::1"}
[2026-05-13 16:45:25] [ACCESS] [IP: ::1] [User: guest] [Session: 0ulqnbchhj15hehukbbmoljio4] API request: action=simpan_sesi | Context: {"action":"simpan_sesi","ip":"::1"}
[2026-05-13 16:46:01] [ACCESS] [IP: ::1] [User: guest] [Session: iug90l72knhh8f876bhavs866v] API request: action=get_paket | Context: {"action":"get_paket","ip":"::1"}
[2026-05-13 16:46:09] [ACCESS] [IP: ::1] [User: guest] [Session: iug90l72knhh8f876bhavs866v] API request: action=get_soal_by_paket | Context: {"action":"get_soal_by_paket","ip":"::1"}
[2026-05-13 16:46:09] [ACCESS] [IP: ::1] [User: guest] [Session: iug90l72knhh8f876bhavs866v] API request: action=simpan_sesi | Context: {"action":"simpan_sesi","ip":"::1"}
[2026-05-13 16:46:18] [ACCESS] [IP: ::1] [User: guest] [Session: ipjqj43tguqeo30hcisprcp5d4] API request: action=get_paket | Context: {"action":"get_paket","ip":"::1"}
[2026-05-13 16:46:20] [ACCESS] [IP: ::1] [User: guest] [Session: dbi4bb15puks878cfg1j1fghla] API request: action=get_soal_by_paket | Context: {"action":"get_soal_by_paket","ip":"::1"}
[2026-05-13 16:46:55] [ACCESS] [IP: ::1] [User: guest] [Session: iug90l72knhh8f876bhavs866v] API request: action=get_paket | Context: {"action":"get_paket","ip":"::1"}
[2026-05-13 16:47:02] [ACCESS] [IP: ::1] [User: guest] [Session: iug90l72knhh8f876bhavs866v] API request: action=get_soal_by_paket | Context: {"action":"get_soal_by_paket","ip":"::1"}
[2026-05-13 16:47:02] [ACCESS] [IP: ::1] [User: guest] [Session: iug90l72knhh8f876bhavs866v] API request: action=simpan_sesi | Context: {"action":"simpan_sesi","ip":"::1"}
[2026-05-13 16:57:07] [ACCESS] [IP: ::1] [User: guest] [Session: 707rnqcan853erc7etdo1eq0d7] API request: action=get_paket | Context: {"action":"get_paket","ip":"::1"}
[2026-05-13 16:57:11] [ACCESS] [IP: ::1] [User: guest] [Session: 707rnqcan853erc7etdo1eq0d7] API request: action=get_paket | Context: {"action":"get_paket","ip":"::1"}
[2026-05-13 16:57:15] [ACCESS] [IP: ::1] [User: guest] [Session: 707rnqcan853erc7etdo1eq0d7] API request: action=get_statistik | Context: {"action":"get_statistik","ip":"::1"}
[2026-05-13 16:57:15] [ACCESS] [IP: ::1] [User: guest] [Session: 707rnqcan853erc7etdo1eq0d7] API request: action=get_soal_acak | Context: {"action":"get_soal_acak","ip":"::1"}
[2026-05-13 16:57:52] [ACCESS] [IP: ::1] [User: guest] [Session: 60de5851pgs0n7tsblennhs8vp] API request: action=get_paket | Context: {"action":"get_paket","ip":"::1"}
[2026-05-13 16:57:52] [ACCESS] [IP: ::1] [User: guest] [Session: vogj67b4mmup8up29er6o282f9] API request: action=simpan_sesi | Context: {"action":"simpan_sesi","ip":"::1"}
[2026-05-13 16:59:19] [ACCESS] [IP: ::1] [User: guest] [Session: iug90l72knhh8f876bhavs866v] API request: action=get_paket | Context: {"action":"get_paket","ip":"::1"}
[2026-05-13 16:59:29] [ACCESS] [IP: ::1] [User: guest] [Session: fuos9fe1cm24q4aqif8rr73nmk] API request: action=get_paket | Context: {"action":"get_paket","ip":"::1"}
[2026-05-13 16:59:46] [ACCESS] [IP: ::1] [User: guest] [Session: fuos9fe1cm24q4aqif8rr73nmk] API request: action=get_paket | Context: {"action":"get_paket","ip":"::1"}
[2026-05-13 17:18:52] [ACCESS] [IP: ::1] [User: guest] [Session: tlfr7iuhq9m43rm0pteog2nk4c] API request: action=get_paket | Context: {"action":"get_paket","ip":"::1"}
[2026-05-13 17:49:03] [ACCESS] [IP: ::1] [User: guest] [Session: 5l5geaba5tn31q4j5gsjh830vo] API request: action=get_riwayat_ujian | Context: {"action":"get_riwayat_ujian","ip":"::1"}
[2026-05-13 17:49:03] [ACCESS] [IP: ::1] [User: guest] [Session: 5l5geaba5tn31q4j5gsjh830vo] API request: action=analyze_weakness | Context: {"action":"analyze_weakness","ip":"::1"}
[2026-05-13 18:02:44] [ACCESS] [IP: ::1] [User: guest] [Session: n3j9qnmnefgf2ta2ifecpbtna4] API request: action=get_statistik | Context: {"action":"get_statistik","ip":"::1"}
[2026-05-13 18:02:44] [ACCESS] [IP: ::1] [User: guest] [Session: n3j9qnmnefgf2ta2ifecpbtna4] API request: action=get_statistik | Context: {"action":"get_statistik","ip":"::1"}
[2026-05-13 18:02:44] [ACCESS] [IP: ::1] [User: guest] [Session: n3j9qnmnefgf2ta2ifecpbtna4] API request: action=get_riwayat_ujian | Context: {"action":"get_riwayat_ujian","ip":"::1"}
[2026-05-13 18:02:44] [ACCESS] [IP: ::1] [User: guest] [Session: n3j9qnmnefgf2ta2ifecpbtna4] API request: action=get_soal_acak | Context: {"action":"get_soal_acak","ip":"::1"}
[2026-05-13 18:02:44] [ACCESS] [IP: ::1] [User: guest] [Session: n3j9qnmnefgf2ta2ifecpbtna4] API request: action=get_riwayat_ujian | Context: {"action":"get_riwayat_ujian","ip":"::1"}
[2026-05-13 18:02:45] [ACCESS] [IP: ::1] [User: guest] [Session: n3j9qnmnefgf2ta2ifecpbtna4] API request: action=get_statistik | Context: {"action":"get_statistik","ip":"::1"}
[2026-05-13 18:02:45] [ACCESS] [IP: ::1] [User: guest] [Session: n3j9qnmnefgf2ta2ifecpbtna4] API request: action=get_statistik | Context: {"action":"get_statistik","ip":"::1"}
[2026-05-13 18:02:45] [ACCESS] [IP: ::1] [User: guest] [Session: n3j9qnmnefgf2ta2ifecpbtna4] API request: action=get_riwayat_ujian | Context: {"action":"get_riwayat_ujian","ip":"::1"}
[2026-05-13 18:02:45] [ACCESS] [IP: ::1] [User: guest] [Session: n3j9qnmnefgf2ta2ifecpbtna4] API request: action=get_soal_acak | Context: {"action":"get_soal_acak","ip":"::1"}
[2026-05-13 18:02:45] [ACCESS] [IP: ::1] [User: guest] [Session: n3j9qnmnefgf2ta2ifecpbtna4] API request: action=get_riwayat_ujian | Context: {"action":"get_riwayat_ujian","ip":"::1"}
[2026-05-13 18:02:53] [ACCESS] [IP: ::1] [User: guest] [Session: n3j9qnmnefgf2ta2ifecpbtna4] API request: action=get_statistik | Context: {"action":"get_statistik","ip":"::1"}
[2026-05-13 18:02:53] [ACCESS] [IP: ::1] [User: guest] [Session: n3j9qnmnefgf2ta2ifecpbtna4] API request: action=get_statistik | Context: {"action":"get_statistik","ip":"::1"}
[2026-05-13 18:02:53] [ACCESS] [IP: ::1] [User: guest] [Session: n3j9qnmnefgf2ta2ifecpbtna4] API request: action=get_riwayat_ujian | Context: {"action":"get_riwayat_ujian","ip":"::1"}
[2026-05-13 18:02:53] [ACCESS] [IP: ::1] [User: guest] [Session: n3j9qnmnefgf2ta2ifecpbtna4] API request: action=get_riwayat_ujian | Context: {"action":"get_riwayat_ujian","ip":"::1"}
[2026-05-13 18:02:53] [ACCESS] [IP: ::1] [User: guest] [Session: n3j9qnmnefgf2ta2ifecpbtna4] API request: action=get_soal_acak | Context: {"action":"get_soal_acak","ip":"::1"}
[2026-05-13 18:02:54] [ACCESS] [IP: ::1] [User: guest] [Session: n3j9qnmnefgf2ta2ifecpbtna4] API request: action=list_questions | Context: {"action":"list_questions","ip":"::1"}
[2026-05-13 18:02:57] [ACCESS] [IP: ::1] [User: guest] [Session: n3j9qnmnefgf2ta2ifecpbtna4] API request: action=get_soal_statistics | Context: {"action":"get_soal_statistics","ip":"::1"}
[2026-05-13 18:04:29] [ACCESS] [IP: ::1] [User: guest] [Session: 125mq1d08b6utiaa5gf87ivhs7] API request: action=get_statistik | Context: {"action":"get_statistik","ip":"::1"}
[2026-05-13 18:04:29] [ACCESS] [IP: ::1] [User: guest] [Session: 125mq1d08b6utiaa5gf87ivhs7] API request: action=get_statistik | Context: {"action":"get_statistik","ip":"::1"}
[2026-05-13 18:04:29] [ACCESS] [IP: ::1] [User: guest] [Session: 125mq1d08b6utiaa5gf87ivhs7] API request: action=get_riwayat_ujian | Context: {"action":"get_riwayat_ujian","ip":"::1"}
[2026-05-13 18:04:29] [ACCESS] [IP: ::1] [User: guest] [Session: 125mq1d08b6utiaa5gf87ivhs7] API request: action=get_riwayat_ujian | Context: {"action":"get_riwayat_ujian","ip":"::1"}
[2026-05-13 18:04:29] [ACCESS] [IP: ::1] [User: guest] [Session: 125mq1d08b6utiaa5gf87ivhs7] API request: action=get_soal_acak | Context: {"action":"get_soal_acak","ip":"::1"}
[2026-05-13 18:04:30] [ACCESS] [IP: ::1] [User: guest] [Session: 125mq1d08b6utiaa5gf87ivhs7] API request: action=get_statistik | Context: {"action":"get_statistik","ip":"::1"}
[2026-05-13 18:04:30] [ACCESS] [IP: ::1] [User: guest] [Session: 125mq1d08b6utiaa5gf87ivhs7] API request: action=get_riwayat_ujian | Context: {"action":"get_riwayat_ujian","ip":"::1"}
[2026-05-13 18:04:30] [ACCESS] [IP: ::1] [User: guest] [Session: 125mq1d08b6utiaa5gf87ivhs7] API request: action=get_riwayat_ujian | Context: {"action":"get_riwayat_ujian","ip":"::1"}
[2026-05-13 18:04:30] [ACCESS] [IP: ::1] [User: guest] [Session: 125mq1d08b6utiaa5gf87ivhs7] API request: action=get_statistik | Context: {"action":"get_statistik","ip":"::1"}
[2026-05-13 18:04:30] [ACCESS] [IP: ::1] [User: guest] [Session: 125mq1d08b6utiaa5gf87ivhs7] API request: action=get_soal_acak | Context: {"action":"get_soal_acak","ip":"::1"}
[2026-05-13 18:04:38] [ACCESS] [IP: ::1] [User: guest] [Session: 125mq1d08b6utiaa5gf87ivhs7] API request: action=get_statistik | Context: {"action":"get_statistik","ip":"::1"}
[2026-05-13 18:04:38] [ACCESS] [IP: ::1] [User: guest] [Session: 125mq1d08b6utiaa5gf87ivhs7] API request: action=get_statistik | Context: {"action":"get_statistik","ip":"::1"}
[2026-05-13 18:04:38] [ACCESS] [IP: ::1] [User: guest] [Session: 125mq1d08b6utiaa5gf87ivhs7] API request: action=get_soal_acak | Context: {"action":"get_soal_acak","ip":"::1"}
[2026-05-13 18:04:38] [ACCESS] [IP: ::1] [User: guest] [Session: 125mq1d08b6utiaa5gf87ivhs7] API request: action=get_riwayat_ujian | Context: {"action":"get_riwayat_ujian","ip":"::1"}
[2026-05-13 18:04:38] [ACCESS] [IP: ::1] [User: guest] [Session: 125mq1d08b6utiaa5gf87ivhs7] API request: action=get_riwayat_ujian | Context: {"action":"get_riwayat_ujian","ip":"::1"}
[2026-05-13 18:04:39] [ACCESS] [IP: ::1] [User: guest] [Session: 125mq1d08b6utiaa5gf87ivhs7] API request: action=list_questions | Context: {"action":"list_questions","ip":"::1"}
[2026-05-13 18:04:42] [ACCESS] [IP: ::1] [User: guest] [Session: 125mq1d08b6utiaa5gf87ivhs7] API request: action=get_soal_statistics | Context: {"action":"get_soal_statistics","ip":"::1"}
[2026-05-13 18:14:41] [ACCESS] [IP: ::1] [User: guest] [Session: csidipeg1dittjh8v2hauc95fs] API request: action=get_riwayat_ujian | Context: {"action":"get_riwayat_ujian","ip":"::1"}
[2026-05-13 18:14:41] [ACCESS] [IP: ::1] [User: guest] [Session: csidipeg1dittjh8v2hauc95fs] API request: action=analyze_weakness | Context: {"action":"analyze_weakness","ip":"::1"}
[2026-05-13 18:16:04] [ACCESS] [IP: ::1] [User: guest] [Session: o2hk1gju8vvrk3on8q36ncpd0k] API request: action=get_riwayat_ujian | Context: {"action":"get_riwayat_ujian","ip":"::1"}
[2026-05-13 18:16:04] [ACCESS] [IP: ::1] [User: guest] [Session: o2hk1gju8vvrk3on8q36ncpd0k] API request: action=analyze_weakness | Context: {"action":"analyze_weakness","ip":"::1"}
[2026-05-13 18:20:02] [ACCESS] [IP: ::1] [User: guest] [Session: 65lbl359mi0no45ee4c5uk9ja7] API request: action=get_statistik | Context: {"action":"get_statistik","ip":"::1"}
[2026-05-13 18:20:02] [ACCESS] [IP: ::1] [User: guest] [Session: 65lbl359mi0no45ee4c5uk9ja7] API request: action=get_statistik | Context: {"action":"get_statistik","ip":"::1"}
[2026-05-13 18:20:02] [ACCESS] [IP: ::1] [User: guest] [Session: 65lbl359mi0no45ee4c5uk9ja7] API request: action=get_riwayat_ujian | Context: {"action":"get_riwayat_ujian","ip":"::1"}
[2026-05-13 18:20:02] [ACCESS] [IP: ::1] [User: guest] [Session: 65lbl359mi0no45ee4c5uk9ja7] API request: action=get_riwayat_ujian | Context: {"action":"get_riwayat_ujian","ip":"::1"}
[2026-05-13 18:20:25] [ACCESS] [IP: ::1] [User: guest] [Session: 65lbl359mi0no45ee4c5uk9ja7] API request: action=get_paket_tryout | Context: {"action":"get_paket_tryout","ip":"::1"}
[2026-05-13 18:20:52] [ACCESS] [IP: ::1] [User: guest] [Session: 65lbl359mi0no45ee4c5uk9ja7] API request: action=list_questions | Context: {"action":"list_questions","ip":"::1"}
[2026-05-13 18:20:54] [ACCESS] [IP: ::1] [User: guest] [Session: 65lbl359mi0no45ee4c5uk9ja7] API request: action=get_soal_statistics | Context: {"action":"get_soal_statistics","ip":"::1"}
[2026-05-13 18:20:55] [ACCESS] [IP: ::1] [User: guest] [Session: 65lbl359mi0no45ee4c5uk9ja7] API request: action=get_leaderboard_optout_status | Context: {"action":"get_leaderboard_optout_status","ip":"::1"}
[2026-05-13 18:20:55] [ACCESS] [IP: ::1] [User: guest] [Session: 65lbl359mi0no45ee4c5uk9ja7] API request: action=get_blueprints | Context: {"action":"get_blueprints","ip":"::1"}
[2026-05-13 18:20:56] [ACCESS] [IP: ::1] [User: guest] [Session: 65lbl359mi0no45ee4c5uk9ja7] API request: action=get_irt_analysis | Context: {"action":"get_irt_analysis","ip":"::1"}
[2026-05-13 18:20:56] [ACCESS] [IP: ::1] [User: guest] [Session: 65lbl359mi0no45ee4c5uk9ja7] API request: action=get_bahan_pelajaran | Context: {"action":"get_bahan_pelajaran","ip":"::1"}
[2026-05-13 18:20:57] [ACCESS] [IP: ::1] [User: guest] [Session: 65lbl359mi0no45ee4c5uk9ja7] API request: action=get_tips_tricks | Context: {"action":"get_tips_tricks","ip":"::1"}
[2026-05-13 18:20:57] [ACCESS] [IP: ::1] [User: guest] [Session: 65lbl359mi0no45ee4c5uk9ja7] API request: action=get_riwayat_ujian | Context: {"action":"get_riwayat_ujian","ip":"::1"}
[2026-05-13 18:24:01] [ACCESS] [IP: ::1] [User: guest] [Session: sfa05q1v2fj8bb3smktigd2oo4] API request: action=get_statistik | Context: {"action":"get_statistik","ip":"::1"}
[2026-05-13 18:24:01] [ACCESS] [IP: ::1] [User: guest] [Session: sfa05q1v2fj8bb3smktigd2oo4] API request: action=get_statistik | Context: {"action":"get_statistik","ip":"::1"}
[2026-05-13 18:24:01] [ACCESS] [IP: ::1] [User: guest] [Session: sfa05q1v2fj8bb3smktigd2oo4] API request: action=get_riwayat_ujian | Context: {"action":"get_riwayat_ujian","ip":"::1"}
[2026-05-13 18:24:01] [ACCESS] [IP: ::1] [User: guest] [Session: sfa05q1v2fj8bb3smktigd2oo4] API request: action=get_riwayat_ujian | Context: {"action":"get_riwayat_ujian","ip":"::1"}
[2026-05-13 18:24:05] [ACCESS] [IP: ::1] [User: guest] [Session: sfa05q1v2fj8bb3smktigd2oo4] API request: action=get_statistik | Context: {"action":"get_statistik","ip":"::1"}
[2026-05-13 18:24:05] [ACCESS] [IP: ::1] [User: guest] [Session: sfa05q1v2fj8bb3smktigd2oo4] API request: action=get_riwayat_ujian | Context: {"action":"get_riwayat_ujian","ip":"::1"}
[2026-05-13 18:24:05] [ACCESS] [IP: ::1] [User: guest] [Session: sfa05q1v2fj8bb3smktigd2oo4] API request: action=get_statistik | Context: {"action":"get_statistik","ip":"::1"}
[2026-05-13 18:24:05] [ACCESS] [IP: ::1] [User: guest] [Session: sfa05q1v2fj8bb3smktigd2oo4] API request: action=get_riwayat_ujian | Context: {"action":"get_riwayat_ujian","ip":"::1"}
[2026-05-13 18:24:07] [ACCESS] [IP: ::1] [User: guest] [Session: sfa05q1v2fj8bb3smktigd2oo4] API request: action=list_questions | Context: {"action":"list_questions","ip":"::1"}
[2026-05-13 18:24:13] [ACCESS] [IP: ::1] [User: guest] [Session: sfa05q1v2fj8bb3smktigd2oo4] API request: action=get_soal_statistics | Context: {"action":"get_soal_statistics","ip":"::1"}
[2026-05-13 18:24:16] [ACCESS] [IP: ::1] [User: guest] [Session: sfa05q1v2fj8bb3smktigd2oo4] API request: action=get_leaderboard_optout_status | Context: {"action":"get_leaderboard_optout_status","ip":"::1"}
[2026-05-13 18:24:19] [ACCESS] [IP: ::1] [User: guest] [Session: sfa05q1v2fj8bb3smktigd2oo4] API request: action=get_blueprints | Context: {"action":"get_blueprints","ip":"::1"}
[2026-05-13 18:24:22] [ACCESS] [IP: ::1] [User: guest] [Session: sfa05q1v2fj8bb3smktigd2oo4] API request: action=get_irt_analysis | Context: {"action":"get_irt_analysis","ip":"::1"}
[2026-05-13 18:24:25] [ACCESS] [IP: ::1] [User: guest] [Session: sfa05q1v2fj8bb3smktigd2oo4] API request: action=get_bahan_pelajaran | Context: {"action":"get_bahan_pelajaran","ip":"::1"}
[2026-05-13 18:24:28] [ACCESS] [IP: ::1] [User: guest] [Session: sfa05q1v2fj8bb3smktigd2oo4] API request: action=get_tips_tricks | Context: {"action":"get_tips_tricks","ip":"::1"}
[2026-05-13 18:24:31] [ACCESS] [IP: ::1] [User: guest] [Session: sfa05q1v2fj8bb3smktigd2oo4] API request: action=get_riwayat_ujian | Context: {"action":"get_riwayat_ujian","ip":"::1"}
[2026-05-13 18:24:47] [ACCESS] [IP: ::1] [User: guest] [Session: sfa05q1v2fj8bb3smktigd2oo4] API request: action=get_riwayat_ujian | Context: {"action":"get_riwayat_ujian","ip":"::1"}
[2026-05-13 18:24:47] [ACCESS] [IP: ::1] [User: guest] [Session: sfa05q1v2fj8bb3smktigd2oo4] API request: action=analyze_weakness | Context: {"action":"analyze_weakness","ip":"::1"}
[2026-05-13 18:27:19] [ACCESS] [IP: ::1] [User: guest] [Session: gcmgu9igm7hnv8tniid4irctno] API request: action=get_statistik | Context: {"action":"get_statistik","ip":"::1"}
[2026-05-13 18:27:19] [ACCESS] [IP: ::1] [User: guest] [Session: gcmgu9igm7hnv8tniid4irctno] API request: action=get_riwayat_ujian | Context: {"action":"get_riwayat_ujian","ip":"::1"}
[2026-05-13 18:27:19] [ACCESS] [IP: ::1] [User: guest] [Session: gcmgu9igm7hnv8tniid4irctno] API request: action=get_statistik | Context: {"action":"get_statistik","ip":"::1"}
[2026-05-13 18:27:19] [ACCESS] [IP: ::1] [User: guest] [Session: gcmgu9igm7hnv8tniid4irctno] API request: action=get_riwayat_ujian | Context: {"action":"get_riwayat_ujian","ip":"::1"}
[2026-05-13 18:27:22] [ACCESS] [IP: ::1] [User: guest] [Session: gcmgu9igm7hnv8tniid4irctno] API request: action=get_tips_tricks | Context: {"action":"get_tips_tricks","ip":"::1"}
[2026-05-13 18:27:25] [ACCESS] [IP: ::1] [User: guest] [Session: gcmgu9igm7hnv8tniid4irctno] API request: action=list_questions | Context: {"action":"list_questions","ip":"::1"}
[2026-05-13 18:27:33] [ACCESS] [IP: ::1] [User: guest] [Session: gcmgu9igm7hnv8tniid4irctno] API request: action=get_blueprints | Context: {"action":"get_blueprints","ip":"::1"}
[2026-05-13 18:27:37] [ACCESS] [IP: ::1] [User: guest] [Session: gcmgu9igm7hnv8tniid4irctno] API request: action=get_bahan_pelajaran | Context: {"action":"get_bahan_pelajaran","ip":"::1"}
[2026-05-13 18:27:40] [ACCESS] [IP: ::1] [User: guest] [Session: gcmgu9igm7hnv8tniid4irctno] API request: action=get_riwayat_ujian | Context: {"action":"get_riwayat_ujian","ip":"::1"}
[2026-05-13 18:27:57] [ACCESS] [IP: ::1] [User: guest] [Session: gcmgu9igm7hnv8tniid4irctno] API request: action=get_riwayat_ujian | Context: {"action":"get_riwayat_ujian","ip":"::1"}
[2026-05-13 18:27:57] [ACCESS] [IP: ::1] [User: guest] [Session: gcmgu9igm7hnv8tniid4irctno] API request: action=analyze_weakness | Context: {"action":"analyze_weakness","ip":"::1"}
[2026-05-13 18:32:30] [ACCESS] [IP: ::1] [User: guest] [Session: 016sgo4nkp90memu5vg37tas4k] API request: action=get_statistik | Context: {"action":"get_statistik","ip":"::1"}
[2026-05-13 18:32:30] [ACCESS] [IP: ::1] [User: guest] [Session: 016sgo4nkp90memu5vg37tas4k] API request: action=get_statistik | Context: {"action":"get_statistik","ip":"::1"}
[2026-05-13 18:32:30] [ACCESS] [IP: ::1] [User: guest] [Session: 016sgo4nkp90memu5vg37tas4k] API request: action=get_riwayat_ujian | Context: {"action":"get_riwayat_ujian","ip":"::1"}
[2026-05-13 18:32:30] [ACCESS] [IP: ::1] [User: guest] [Session: 016sgo4nkp90memu5vg37tas4k] API request: action=get_riwayat_ujian | Context: {"action":"get_riwayat_ujian","ip":"::1"}
[2026-05-13 18:32:34] [ACCESS] [IP: ::1] [User: guest] [Session: 016sgo4nkp90memu5vg37tas4k] API request: action=get_tips_tricks | Context: {"action":"get_tips_tricks","ip":"::1"}
[2026-05-13 18:32:38] [ACCESS] [IP: ::1] [User: guest] [Session: 016sgo4nkp90memu5vg37tas4k] API request: action=list_questions | Context: {"action":"list_questions","ip":"::1"}
[2026-05-13 18:32:46] [ACCESS] [IP: ::1] [User: guest] [Session: 016sgo4nkp90memu5vg37tas4k] API request: action=get_blueprints | Context: {"action":"get_blueprints","ip":"::1"}
[2026-05-13 18:32:49] [ACCESS] [IP: ::1] [User: guest] [Session: 016sgo4nkp90memu5vg37tas4k] API request: action=get_bahan_pelajaran | Context: {"action":"get_bahan_pelajaran","ip":"::1"}
[2026-05-13 18:32:53] [ACCESS] [IP: ::1] [User: guest] [Session: 016sgo4nkp90memu5vg37tas4k] API request: action=get_riwayat_ujian | Context: {"action":"get_riwayat_ujian","ip":"::1"}
[2026-05-13 18:33:10] [ACCESS] [IP: ::1] [User: guest] [Session: 016sgo4nkp90memu5vg37tas4k] API request: action=get_riwayat_ujian | Context: {"action":"get_riwayat_ujian","ip":"::1"}
[2026-05-13 18:33:10] [ACCESS] [IP: ::1] [User: guest] [Session: 016sgo4nkp90memu5vg37tas4k] API request: action=analyze_weakness | Context: {"action":"analyze_weakness","ip":"::1"}
[2026-05-13 18:34:20] [ACCESS] [IP: ::1] [User: guest] [Session: qk6nnphbg9k1ngmt9c9321mb7k] API request: action=get_statistik | Context: {"action":"get_statistik","ip":"::1"}
[2026-05-13 18:34:20] [ACCESS] [IP: ::1] [User: guest] [Session: qk6nnphbg9k1ngmt9c9321mb7k] API request: action=get_riwayat_ujian | Context: {"action":"get_riwayat_ujian","ip":"::1"}
[2026-05-13 18:34:20] [ACCESS] [IP: ::1] [User: guest] [Session: qk6nnphbg9k1ngmt9c9321mb7k] API request: action=get_riwayat_ujian | Context: {"action":"get_riwayat_ujian","ip":"::1"}
[2026-05-13 18:34:20] [ACCESS] [IP: ::1] [User: guest] [Session: qk6nnphbg9k1ngmt9c9321mb7k] API request: action=get_statistik | Context: {"action":"get_statistik","ip":"::1"}
[2026-05-13 18:34:23] [ACCESS] [IP: ::1] [User: guest] [Session: qk6nnphbg9k1ngmt9c9321mb7k] API request: action=get_tips_tricks | Context: {"action":"get_tips_tricks","ip":"::1"}
[2026-05-13 18:34:27] [ACCESS] [IP: ::1] [User: guest] [Session: qk6nnphbg9k1ngmt9c9321mb7k] API request: action=list_questions | Context: {"action":"list_questions","ip":"::1"}
[2026-05-13 18:34:35] [ACCESS] [IP: ::1] [User: guest] [Session: qk6nnphbg9k1ngmt9c9321mb7k] API request: action=get_blueprints | Context: {"action":"get_blueprints","ip":"::1"}
[2026-05-13 18:34:39] [ACCESS] [IP: ::1] [User: guest] [Session: qk6nnphbg9k1ngmt9c9321mb7k] API request: action=get_bahan_pelajaran | Context: {"action":"get_bahan_pelajaran","ip":"::1"}
[2026-05-13 18:34:43] [ACCESS] [IP: ::1] [User: guest] [Session: qk6nnphbg9k1ngmt9c9321mb7k] API request: action=get_riwayat_ujian | Context: {"action":"get_riwayat_ujian","ip":"::1"}
[2026-05-13 18:34:59] [ACCESS] [IP: ::1] [User: guest] [Session: qk6nnphbg9k1ngmt9c9321mb7k] API request: action=get_riwayat_ujian | Context: {"action":"get_riwayat_ujian","ip":"::1"}
[2026-05-13 18:34:59] [ACCESS] [IP: ::1] [User: guest] [Session: qk6nnphbg9k1ngmt9c9321mb7k] API request: action=analyze_weakness | Context: {"action":"analyze_weakness","ip":"::1"}
[2026-05-13 18:41:20] [ACCESS] [IP: ::1] [User: guest] [Session: 2o7v22lqhep6hgnq8p0vs6137j] API request: action=get_statistik | Context: {"action":"get_statistik","ip":"::1"}
[2026-05-13 18:41:20] [ACCESS] [IP: ::1] [User: guest] [Session: 2o7v22lqhep6hgnq8p0vs6137j] API request: action=get_riwayat_ujian | Context: {"action":"get_riwayat_ujian","ip":"::1"}
[2026-05-13 18:41:20] [ACCESS] [IP: ::1] [User: guest] [Session: 2o7v22lqhep6hgnq8p0vs6137j] API request: action=get_statistik | Context: {"action":"get_statistik","ip":"::1"}
[2026-05-13 18:41:20] [ACCESS] [IP: ::1] [User: guest] [Session: 2o7v22lqhep6hgnq8p0vs6137j] API request: action=get_riwayat_ujian | Context: {"action":"get_riwayat_ujian","ip":"::1"}
[2026-05-13 18:41:22] [ACCESS] [IP: ::1] [User: guest] [Session: 2o7v22lqhep6hgnq8p0vs6137j] API request: action=list_questions | Context: {"action":"list_questions","ip":"::1"}
[2026-05-13 18:41:30] [ACCESS] [IP: ::1] [User: guest] [Session: 2o7v22lqhep6hgnq8p0vs6137j] API request: action=get_soal_statistics | Context: {"action":"get_soal_statistics","ip":"::1"}
[2026-05-13 18:41:31] [ACCESS] [IP: ::1] [User: guest] [Session: 2o7v22lqhep6hgnq8p0vs6137j] API request: action=get_leaderboard_optout_status | Context: {"action":"get_leaderboard_optout_status","ip":"::1"}
[2026-05-13 18:41:31] [ACCESS] [IP: ::1] [User: guest] [Session: 2o7v22lqhep6hgnq8p0vs6137j] API request: action=get_blueprints | Context: {"action":"get_blueprints","ip":"::1"}
[2026-05-13 18:41:32] [ACCESS] [IP: ::1] [User: guest] [Session: 2o7v22lqhep6hgnq8p0vs6137j] API request: action=get_irt_analysis | Context: {"action":"get_irt_analysis","ip":"::1"}
[2026-05-13 18:41:32] [ACCESS] [IP: ::1] [User: guest] [Session: 2o7v22lqhep6hgnq8p0vs6137j] API request: action=get_bahan_pelajaran | Context: {"action":"get_bahan_pelajaran","ip":"::1"}
[2026-05-13 18:41:33] [ACCESS] [IP: ::1] [User: guest] [Session: 2o7v22lqhep6hgnq8p0vs6137j] API request: action=get_tips_tricks | Context: {"action":"get_tips_tricks","ip":"::1"}
[2026-05-13 18:41:34] [ACCESS] [IP: ::1] [User: guest] [Session: 2o7v22lqhep6hgnq8p0vs6137j] API request: action=get_riwayat_ujian | Context: {"action":"get_riwayat_ujian","ip":"::1"}
[2026-05-13 18:41:34] [ACCESS] [IP: ::1] [User: guest] [Session: 2o7v22lqhep6hgnq8p0vs6137j] API request: action=get_statistik | Context: {"action":"get_statistik","ip":"::1"}
[2026-05-13 18:41:34] [ACCESS] [IP: ::1] [User: guest] [Session: 2o7v22lqhep6hgnq8p0vs6137j] API request: action=get_statistik | Context: {"action":"get_statistik","ip":"::1"}
[2026-05-13 18:41:34] [ACCESS] [IP: ::1] [User: guest] [Session: 2o7v22lqhep6hgnq8p0vs6137j] API request: action=get_riwayat_ujian | Context: {"action":"get_riwayat_ujian","ip":"::1"}
[2026-05-13 18:41:35] [ACCESS] [IP: ::1] [User: guest] [Session: 2o7v22lqhep6hgnq8p0vs6137j] API request: action=get_riwayat_ujian | Context: {"action":"get_riwayat_ujian","ip":"::1"}
[2026-05-13 18:56:17] [ACCESS] [IP: ::1] [User: guest] [Session: 5ucjcsptgg6osmveqpqe7761e1] API request: action=get_statistik | Context: {"action":"get_statistik","ip":"::1"}
[2026-05-13 18:56:17] [ACCESS] [IP: ::1] [User: guest] [Session: 5ucjcsptgg6osmveqpqe7761e1] API request: action=get_riwayat_ujian | Context: {"action":"get_riwayat_ujian","ip":"::1"}
[2026-05-13 18:56:17] [ACCESS] [IP: ::1] [User: guest] [Session: 5ucjcsptgg6osmveqpqe7761e1] API request: action=get_statistik | Context: {"action":"get_statistik","ip":"::1"}
[2026-05-13 18:56:17] [ACCESS] [IP: ::1] [User: guest] [Session: 5ucjcsptgg6osmveqpqe7761e1] API request: action=get_riwayat_ujian | Context: {"action":"get_riwayat_ujian","ip":"::1"}
[2026-05-13 18:56:21] [ACCESS] [IP: ::1] [User: guest] [Session: 5ucjcsptgg6osmveqpqe7761e1] API request: action=get_tips_tricks | Context: {"action":"get_tips_tricks","ip":"::1"}
[2026-05-13 18:56:24] [ACCESS] [IP: ::1] [User: guest] [Session: 5ucjcsptgg6osmveqpqe7761e1] API request: action=list_questions | Context: {"action":"list_questions","ip":"::1"}
[2026-05-13 18:56:32] [ACCESS] [IP: ::1] [User: guest] [Session: 5ucjcsptgg6osmveqpqe7761e1] API request: action=get_blueprints | Context: {"action":"get_blueprints","ip":"::1"}
[2026-05-13 18:56:36] [ACCESS] [IP: ::1] [User: guest] [Session: 5ucjcsptgg6osmveqpqe7761e1] API request: action=get_bahan_pelajaran | Context: {"action":"get_bahan_pelajaran","ip":"::1"}
[2026-05-13 18:56:40] [ACCESS] [IP: ::1] [User: guest] [Session: 5ucjcsptgg6osmveqpqe7761e1] API request: action=get_riwayat_ujian | Context: {"action":"get_riwayat_ujian","ip":"::1"}
[2026-05-13 18:56:56] [ACCESS] [IP: ::1] [User: guest] [Session: 5ucjcsptgg6osmveqpqe7761e1] API request: action=get_riwayat_ujian | Context: {"action":"get_riwayat_ujian","ip":"::1"}
[2026-05-13 18:56:56] [ACCESS] [IP: ::1] [User: guest] [Session: 5ucjcsptgg6osmveqpqe7761e1] API request: action=analyze_weakness | Context: {"action":"analyze_weakness","ip":"::1"}
